2026-01-25T17:10:53.1695654Z Current runner version: '2.331.0'
2026-01-25T17:10:53.1728605Z ##[group]Runner Image Provisioner
2026-01-25T17:10:53.1729638Z Hosted Compute Agent
2026-01-25T17:10:53.1730316Z Version: 20260115.477
2026-01-25T17:10:53.1731161Z Commit: 4b342d620503cbe250a3154040964899ea7c9b00
2026-01-25T17:10:53.1732129Z Build Date: 2026-01-15T22:32:41Z
2026-01-25T17:10:53.1733054Z Worker ID: {217e3b18-db3a-4639-a579-65e39617936d}
2026-01-25T17:10:53.1734431Z Azure Region: westus3
2026-01-25T17:10:53.1735150Z ##[endgroup]
2026-01-25T17:10:53.1737007Z ##[group]Operating System
2026-01-25T17:10:53.1737833Z Microsoft Windows Server 2025
2026-01-25T17:10:53.1738562Z 10.0.26100
2026-01-25T17:10:53.1739131Z Datacenter
2026-01-25T17:10:53.1739701Z ##[endgroup]
2026-01-25T17:10:53.1740306Z ##[group]Runner Image
2026-01-25T17:10:53.1740956Z Image: windows-2025
2026-01-25T17:10:53.1741588Z Version: 20260119.4.1
2026-01-25T17:10:53.1743652Z Included Software: https://github.com/actions/runner-images/blob/win25/20260119.4/images/windows/Windows2025-Readme.md
2026-01-25T17:10:53.1745939Z Image Release: https://github.com/actions/runner-images/releases/tag/win25%2F20260119.4
2026-01-25T17:10:53.1747297Z ##[endgroup]
2026-01-25T17:10:53.1748808Z ##[group]GITHUB_TOKEN Permissions
2026-01-25T17:10:53.1751140Z Contents: write
2026-01-25T17:10:53.1751783Z Metadata: read
2026-01-25T17:10:53.1752501Z ##[endgroup]
2026-01-25T17:10:53.1756579Z Secret source: Actions
2026-01-25T17:10:53.1757493Z Prepare workflow directory
2026-01-25T17:10:53.2268180Z Prepare all required actions
2026-01-25T17:10:53.2324721Z Getting action download info
2026-01-25T17:10:53.6563095Z Download action repository 'actions/checkout@v4' (SHA:34e114876b0b11c390a56381ad16ebd13914f8d5)
2026-01-25T17:10:53.7799716Z Download action repository 'actions/setup-dotnet@v4' (SHA:67a3573c9a986a3f9c594539f4ab511d57bb3ce9)
2026-01-25T17:10:54.7304341Z Download action repository 'softprops/action-gh-release@v2' (SHA:a06a81a03ee405af7f2048a818ed3f03bbf83c7b)
2026-01-25T17:10:55.7050275Z Complete job name: release
2026-01-25T17:10:55.9960554Z ##[group]Run actions/checkout@v4
2026-01-25T17:10:55.9961853Z with:
2026-01-25T17:10:55.9962277Z   fetch-depth: 0
2026-01-25T17:10:55.9962797Z   repository: YusufhanYildiz/istakipwpf
2026-01-25T17:10:55.9963743Z   token: ***
2026-01-25T17:10:55.9964139Z   ssh-strict: true
2026-01-25T17:10:55.9964607Z   ssh-user: git
2026-01-25T17:10:55.9965028Z   persist-credentials: true
2026-01-25T17:10:55.9965565Z   clean: true
2026-01-25T17:10:55.9966060Z   sparse-checkout-cone-mode: true
2026-01-25T17:10:55.9966577Z   fetch-tags: false
2026-01-25T17:10:55.9967078Z   show-progress: true
2026-01-25T17:10:55.9967565Z   lfs: false
2026-01-25T17:10:55.9967994Z   submodules: false
2026-01-25T17:10:55.9968526Z   set-safe-directory: true
2026-01-25T17:10:55.9969352Z ##[endgroup]
2026-01-25T17:10:56.2578203Z Syncing repository: YusufhanYildiz/istakipwpf
2026-01-25T17:10:56.2582381Z ##[group]Getting Git version info
2026-01-25T17:10:56.2584220Z Working directory is 'D:\a\istakipwpf\istakipwpf'
2026-01-25T17:10:56.3527208Z [command]"C:\Program Files\Git\bin\git.exe" version
2026-01-25T17:10:56.6275035Z git version 2.52.0.windows.1
2026-01-25T17:10:56.6346748Z ##[endgroup]
2026-01-25T17:10:56.6370159Z Temporarily overriding HOME='D:\a\_temp\29460c63-00a8-4604-b145-469a2b8ffc2b' before making global git config changes
2026-01-25T17:10:56.6372091Z Adding repository directory to the temporary git global config as a safe directory
2026-01-25T17:10:56.6383704Z [command]"C:\Program Files\Git\bin\git.exe" config --global --add safe.directory D:\a\istakipwpf\istakipwpf
2026-01-25T17:10:56.6735480Z Deleting the contents of 'D:\a\istakipwpf\istakipwpf'
2026-01-25T17:10:56.6741674Z ##[group]Initializing the repository
2026-01-25T17:10:56.6774739Z [command]"C:\Program Files\Git\bin\git.exe" init D:\a\istakipwpf\istakipwpf
2026-01-25T17:10:56.7255825Z Initialized empty Git repository in D:/a/istakipwpf/istakipwpf/.git/
2026-01-25T17:10:56.7445986Z [command]"C:\Program Files\Git\bin\git.exe" remote add origin https://github.com/YusufhanYildiz/istakipwpf
2026-01-25T17:10:56.7778104Z ##[endgroup]
2026-01-25T17:10:56.7779062Z ##[group]Disabling automatic garbage collection
2026-01-25T17:10:56.7792365Z [command]"C:\Program Files\Git\bin\git.exe" config --local gc.auto 0
2026-01-25T17:10:56.8181768Z ##[endgroup]
2026-01-25T17:10:56.8182697Z ##[group]Setting up auth
2026-01-25T17:10:56.8197331Z [command]"C:\Program Files\Git\bin\git.exe" config --local --name-only --get-regexp core\.sshCommand
2026-01-25T17:10:56.8589921Z [command]"C:\Program Files\Git\bin\git.exe" submodule foreach --recursive "sh -c \"git config --local --name-only --get-regexp 'core\.sshCommand' && git config --local --unset-all 'core.sshCommand' || :\""
2026-01-25T17:10:58.0263291Z [command]"C:\Program Files\Git\bin\git.exe" config --local --name-only --get-regexp http\.https\:\/\/github\.com\/\.extraheader
2026-01-25T17:10:58.0623513Z [command]"C:\Program Files\Git\bin\git.exe" submodule foreach --recursive "sh -c \"git config --local --name-only --get-regexp 'http\.https\:\/\/github\.com\/\.extraheader' && git config --local --unset-all 'http.https://github.com/.extraheader' || :\""
2026-01-25T17:10:58.6108522Z [command]"C:\Program Files\Git\bin\git.exe" config --local --name-only --get-regexp ^includeIf\.gitdir:
2026-01-25T17:10:58.6413757Z [command]"C:\Program Files\Git\bin\git.exe" submodule foreach --recursive "git config --local --show-origin --name-only --get-regexp remote.origin.url"
2026-01-25T17:10:59.2310184Z [command]"C:\Program Files\Git\bin\git.exe" config --local http.https://github.com/.extraheader "AUTHORIZATION: basic ***"
2026-01-25T17:10:59.2669274Z ##[endgroup]
2026-01-25T17:10:59.2669819Z ##[group]Fetching the repository
2026-01-25T17:10:59.2682260Z [command]"C:\Program Files\Git\bin\git.exe" -c protocol.version=2 fetch --prune --no-recurse-submodules origin +refs/heads/*:refs/remotes/origin/* +refs/tags/*:refs/tags/*
2026-01-25T17:11:00.5123958Z From https://github.com/YusufhanYildiz/istakipwpf
2026-01-25T17:11:00.5129419Z  * [new branch]      main       -> origin/main
2026-01-25T17:11:00.5130269Z  * [new tag]         v1.0.0     -> v1.0.0
2026-01-25T17:11:00.5130856Z  * [new tag]         v1.0.1     -> v1.0.1
2026-01-25T17:11:00.5131314Z  * [new tag]         v1.0.2     -> v1.0.2
2026-01-25T17:11:00.5131766Z  * [new tag]         v1.0.3     -> v1.0.3
2026-01-25T17:11:00.5132228Z  * [new tag]         v1.0.4     -> v1.0.4
2026-01-25T17:11:00.5132725Z  * [new tag]         v1.0.4.1   -> v1.0.4.1
2026-01-25T17:11:00.5347994Z [command]"C:\Program Files\Git\bin\git.exe" tag --list v1.0.4.1
2026-01-25T17:11:00.5747091Z v1.0.4.1
2026-01-25T17:11:00.5797483Z [command]"C:\Program Files\Git\bin\git.exe" rev-parse refs/tags/v1.0.4.1
2026-01-25T17:11:00.6076897Z 9e8c7ce73ee338a9959ea036423bd7068f1418a7
2026-01-25T17:11:00.6122230Z ##[endgroup]
2026-01-25T17:11:00.6123032Z ##[group]Determining the checkout info
2026-01-25T17:11:00.6123937Z ##[endgroup]
2026-01-25T17:11:00.6138914Z [command]"C:\Program Files\Git\bin\git.exe" sparse-checkout disable
2026-01-25T17:11:00.6487832Z [command]"C:\Program Files\Git\bin\git.exe" config --local --unset-all extensions.worktreeConfig
2026-01-25T17:11:00.6788869Z ##[group]Checking out the ref
2026-01-25T17:11:00.6801712Z [command]"C:\Program Files\Git\bin\git.exe" checkout --progress --force refs/tags/v1.0.4.1
2026-01-25T17:11:00.7872146Z Note: switching to 'refs/tags/v1.0.4.1'.
2026-01-25T17:11:00.7873406Z 
2026-01-25T17:11:00.7874693Z You are in 'detached HEAD' state. You can look around, make experimental
2026-01-25T17:11:00.7875516Z changes and commit them, and you can discard any commits you make in this
2026-01-25T17:11:00.7876301Z state without impacting any branches by switching back to a branch.
2026-01-25T17:11:00.7876725Z 
2026-01-25T17:11:00.7877020Z If you want to create a new branch to retain commits you create, you may
2026-01-25T17:11:00.7877638Z do so (now or later) by using -c with the switch command. Example:
2026-01-25T17:11:00.7879263Z 
2026-01-25T17:11:00.7879460Z   git switch -c <new-branch-name>
2026-01-25T17:11:00.7879722Z 
2026-01-25T17:11:00.7879922Z Or undo this operation with:
2026-01-25T17:11:00.7880163Z 
2026-01-25T17:11:00.7880275Z   git switch -
2026-01-25T17:11:00.7880455Z 
2026-01-25T17:11:00.7880758Z Turn off this advice by setting config variable advice.detachedHead to false
2026-01-25T17:11:00.7881235Z 
2026-01-25T17:11:00.7881478Z HEAD is now at 9e8c7ce fix: workflow icon path and publish step
2026-01-25T17:11:00.7931159Z ##[endgroup]
2026-01-25T17:11:00.8328872Z [command]"C:\Program Files\Git\bin\git.exe" log -1 --format=%H
2026-01-25T17:11:00.8591464Z 9e8c7ce73ee338a9959ea036423bd7068f1418a7
2026-01-25T17:11:00.9001427Z ##[group]Run actions/setup-dotnet@v4
2026-01-25T17:11:00.9001761Z with:
2026-01-25T17:11:00.9001924Z   dotnet-version: 8.0.x
2026-01-25T17:11:00.9002129Z   cache: false
2026-01-25T17:11:00.9002280Z ##[endgroup]
2026-01-25T17:11:01.2295002Z [command]"C:\Program Files\PowerShell\7\pwsh.exe" -NoLogo -Sta -NoProfile -NonInteractive -ExecutionPolicy Unrestricted -Command & 'D:\a\_actions\actions\setup-dotnet\v4\externals\install-dotnet.ps1' -SkipNonVersionedFiles -Runtime dotnet -Channel LTS
2026-01-25T17:11:07.0015480Z dotnet-install: .NET Core Runtime with version '10.0.2' is already installed.
2026-01-25T17:11:07.3757101Z [command]"C:\Program Files\PowerShell\7\pwsh.exe" -NoLogo -Sta -NoProfile -NonInteractive -ExecutionPolicy Unrestricted -Command & 'D:\a\_actions\actions\setup-dotnet\v4\externals\install-dotnet.ps1' -SkipNonVersionedFiles -Channel 8.0
2026-01-25T17:11:08.3284764Z dotnet-install: .NET Core SDK with version '8.0.417' is already installed.
2026-01-25T17:11:08.4438222Z ##[group]Run chcp 65001
2026-01-25T17:11:08.4438548Z [36;1mchcp 65001[0m
2026-01-25T17:11:08.4512851Z shell: C:\Program Files\PowerShell\7\pwsh.EXE -command ". '{0}'"
2026-01-25T17:11:08.4513171Z env:
2026-01-25T17:11:08.4513336Z   DOTNET_ROOT: C:\Program Files\dotnet
2026-01-25T17:11:08.4513587Z ##[endgroup]
2026-01-25T17:11:08.7336505Z Active code page: 65001
2026-01-25T17:11:08.8574417Z ##[group]Run dotnet tool install -g vpk
2026-01-25T17:11:08.8574788Z [36;1mdotnet tool install -g vpk[0m
2026-01-25T17:11:08.8641387Z shell: C:\Program Files\PowerShell\7\pwsh.EXE -command ". '{0}'"
2026-01-25T17:11:08.8641677Z env:
2026-01-25T17:11:08.8641857Z   DOTNET_ROOT: C:\Program Files\dotnet
2026-01-25T17:11:08.8642089Z ##[endgroup]
2026-01-25T17:11:21.2666948Z You can invoke the tool using the following command: vpk
2026-01-25T17:11:21.2667797Z Tool 'vpk' (version '0.0.1298') was successfully installed.
2026-01-25T17:11:21.4106748Z ##[group]Run dotnet restore
2026-01-25T17:11:21.4107045Z [36;1mdotnet restore[0m
2026-01-25T17:11:21.4173369Z shell: C:\Program Files\PowerShell\7\pwsh.EXE -command ". '{0}'"
2026-01-25T17:11:21.4173721Z env:
2026-01-25T17:11:21.4173911Z   DOTNET_ROOT: C:\Program Files\dotnet
2026-01-25T17:11:21.4174127Z ##[endgroup]
2026-01-25T17:11:23.5523828Z   Determining projects to restore...
2026-01-25T17:11:31.8770680Z   Restored D:\a\istakipwpf\istakipwpf\IsTakipWpf.csproj (in 8.02 sec).
2026-01-25T17:11:32.0833900Z ##[group]Run dotnet publish IsTakipWpf.csproj -c Release -r win-x64 --self-contained false -o ./publish
2026-01-25T17:11:32.0835103Z [36;1mdotnet publish IsTakipWpf.csproj -c Release -r win-x64 --self-contained false -o ./publish[0m
2026-01-25T17:11:32.0920656Z shell: C:\Program Files\PowerShell\7\pwsh.EXE -command ". '{0}'"
2026-01-25T17:11:32.0920963Z env:
2026-01-25T17:11:32.0921142Z   DOTNET_ROOT: C:\Program Files\dotnet
2026-01-25T17:11:32.0921367Z ##[endgroup]
2026-01-25T17:11:33.2746504Z   Determining projects to restore...
2026-01-25T17:11:33.5244485Z   All projects are up-to-date for restore.
2026-01-25T17:11:38.3740978Z CSC : error CS7064: Error opening icon file D:\a\istakipwpf\istakipwpf\app_icon.ico -- Could not find file 'D:\a\istakipwpf\istakipwpf\app_icon.ico'. [D:\a\istakipwpf\istakipwpf\IsTakipWpf_kvxd1t2f_wpftmp.csproj]
2026-01-25T17:11:38.5324047Z ##[error]Process completed with exit code 1.
2026-01-25T17:11:38.5561915Z Post job cleanup.
2026-01-25T17:11:38.7811518Z [command]"C:\Program Files\Git\bin\git.exe" version
2026-01-25T17:11:38.8109210Z git version 2.52.0.windows.1
2026-01-25T17:11:38.8199534Z Temporarily overriding HOME='D:\a\_temp\1fd55a6c-3fff-4135-a597-21119a995029' before making global git config changes
2026-01-25T17:11:38.8201249Z Adding repository directory to the temporary git global config as a safe directory
2026-01-25T17:11:38.8216212Z [command]"C:\Program Files\Git\bin\git.exe" config --global --add safe.directory D:\a\istakipwpf\istakipwpf
2026-01-25T17:11:38.8586512Z [command]"C:\Program Files\Git\bin\git.exe" config --local --name-only --get-regexp core\.sshCommand
2026-01-25T17:11:38.8908082Z [command]"C:\Program Files\Git\bin\git.exe" submodule foreach --recursive "sh -c \"git config --local --name-only --get-regexp 'core\.sshCommand' && git config --local --unset-all 'core.sshCommand' || :\""
2026-01-25T17:11:39.4553980Z [command]"C:\Program Files\Git\bin\git.exe" config --local --name-only --get-regexp http\.https\:\/\/github\.com\/\.extraheader
2026-01-25T17:11:39.4824674Z http.https://github.com/.extraheader
2026-01-25T17:11:39.4878597Z [command]"C:\Program Files\Git\bin\git.exe" config --local --unset-all http.https://github.com/.extraheader
2026-01-25T17:11:39.5207866Z [command]"C:\Program Files\Git\bin\git.exe" submodule foreach --recursive "sh -c \"git config --local --name-only --get-regexp 'http\.https\:\/\/github\.com\/\.extraheader' && git config --local --unset-all 'http.https://github.com/.extraheader' || :\""
2026-01-25T17:11:40.0793908Z [command]"C:\Program Files\Git\bin\git.exe" config --local --name-only --get-regexp ^includeIf\.gitdir:
2026-01-25T17:11:40.1134273Z [command]"C:\Program Files\Git\bin\git.exe" submodule foreach --recursive "git config --local --show-origin --name-only --get-regexp remote.origin.url"
2026-01-25T17:11:40.6889191Z Cleaning up orphan processes
2026-01-25T17:11:40.7295329Z Terminate orphan process: pid (2460) (VBCSCompiler)
2026-01-25T17:11:40.7376419Z Terminate orphan process: pid (5324) (conhost)
